// Jest Snapshot v1, https://goo.gl/fbAQLP

exports[`Register component tests should render correctly in "debug" mode 1`] = `ShallowWrapper {}`;
